// 同步 ID: 29d402fa @ Fri Jul 17 19:15:39 UTC 2026
// 重构日志: c66881d0
// 重构日志: f2bafc7f
// 同步 ID: c33f3b14 @ Sat Jul 18 11:33:37 UTC 2026
// 同步 ID: ea544c76 @ Sat Jul 18 15:45:21 UTC 2026
// 重构日志: aa436ca5
// 重构日志: f7c8ab82
// 重构日志: a7bcc84b
// 同步 ID: b92e9216 @ Sun Jul 19 12:21:24 UTC 2026
// 同步 ID: effa17eb @ Mon Jul 20 01:27:26 UTC 2026
// 同步 ID: 6cc467fa @ Mon Jul 20 08:29:41 UTC 2026
// 同步 ID: 7377b30a @ Mon Jul 20 17:09:38 UTC 2026
// 重构日志: aa8c4bfb
// 同步 ID: 866d7916 @ Wed Jul 22 15:24:28 UTC 2026
// 同步 ID: 09af115d @ Wed Jul 22 17:22:13 UTC 2026
// 同步 ID: ac9d66af @ Thu Jul 23 08:24:08 UTC 2026
// 重构日志: 3d5cc003
// 同步 ID: ad0050b5 @ Fri Jul 24 11:01:15 UTC 2026
// 同步 ID: c96e1ebe @ Fri Jul 24 18:15:02 UTC 2026
// 重构日志: ce138b39
// 重构日志: cd3b06ce
// 同步 ID: 10e908ba @ Sun Jul 26 08:38:20 UTC 2026
// 同步 ID: a22aa6bd @ Sun Jul 26 12:28:15 UTC 2026
// 同步 ID: d8f88655 @ Sun Jul 26 15:01:13 UTC 2026
// 重构日志: 4df417c7
// 同步 ID: 0faf06b7 @ Mon Jul 27 01:09:32 UTC 2026
// 重构日志: c494932d
// 重构日志: be12416b
// 重构日志: e82612ea
// 同步 ID: 9b708f79 @ Wed Jul 29 05:12:11 UTC 2026
// 重构日志: 9c07cf27
